// ----------------------------------------------------------------------------
// LegUp High-Level Synthesis Tool Version 7.0 (http://legupcomputing.com)
// Copyright (c) 2015-2019 LegUp Computing Inc. All Rights Reserved.
// For technical issues, please contact: support@legupcomputing.com
// For general inquiries, please contact: info@legupcomputing.com
// Date: Sun May  5 09:35:34 2019
// ----------------------------------------------------------------------------
Found Loop: Loop at depth 1 containing: %for.body.i<header><latch><exiting>

Label: lp
ID: main_for_body_i
Trip count: 352
--------------------------------------------------------------------------------
--------------------------------------------------------------------------------
--------------------------------------------------------------------------------
--------------------------------------------------------------------------------
--------------------------------------------------------------------------------
--------------------------------------------------------------------------------
--------------------------------------------------------------------------------
--------------------------------------------------------------------------------
--------------------------------------------------------------------------------
--------------------------------------------------------------------------------
--------------------------------------------------------------------------------
--------------------------------------------------------------------------------
--------------------------------------------------------------------------------
--------------------------------------------------------------------------------
--------------------------------------------------------------------------------
--------------------------------------------------------------------------------
--------------------------------------------------------------------------------
Scheduled.
MII = 1
II = 1
Final Pipeline Schedule:
Total pipeline stages: 1
Stage: 0
Time: 0 Stage: 0 instr:   %i.0381.i = phi i32 [ 0, %entry ], [ %0, %for.body.i ], !dbg !50, !legup.canonical_induction !51
Time: 0 Stage: 0 instr:   tail call void @__legup_label(i8* getelementptr inbounds ([3 x i8]* @.str, i32 0, i32 0)) #2, !dbg !52
Time: 0 Stage: 0 instr:   %0 = add nsw i32 %i.0381.i, 1, !dbg !54
Time: 0 Stage: 0 instr:   %exitcond1 = icmp eq i32 %0, 352, !dbg !47
Time: 0 Stage: 0 instr:   br i1 %exitcond1, label %sobel_filter.exit, label %for.body.i, !dbg !47


Pipeline Table:
Total pipeline stages: 1
Stage:        0
   II:        0
 Time:        0
      %i.0381.i
       <badref>
             %0
     %exitcond1
       <badref>

